// Jest Snapshot v1, https://goo.gl/fbAQLP

exports[`Main Container tests Matches snapshot 1`] = `
Array [
  <div
    className="start"
    data-testid="start"
  >
    <div
      className="grid-layout-title-container"
    >
      <div
        className="grid-layout-container"
      >
        <div
          className="grid-container"
        />
      </div>
    </div>
  </div>,
  " ",
]
`;
